; Lista com a ordem de arquivos para compressão sólida
;
; Aqui você pode modificar a lista de arquivos que informa ao RAR a ordem
; em que os arquivos serão adicionados para um arquivo sólido.
;
; Este arquivo pode conter nomes de arquivos, caracteres universais e uma
; entrada especial - $default. A entrada padrão define a posição na ordem
; da lista de arquivos não correspondentes com outras entradas neste arquivo.
; As linhas que começam com um símbolo de ponto e vírgula ';' são consideradas
; como comentários e não serão processadas.
;
; Coloque este arquivo no mesmo diretório do RAR.EXE.
;
; Dicas para proporcionar uma melhor compressão e velocidade da operação:
;
; - arquivos que contêm informações semelhantes devem ser agrupados
;   no arquivo, se possível;
; - arquivos acessados frequentemente devem ser colocados no início.
;
file_id.diz
descript.ion
read.*
readme.*
*.nfo
*.doc
*.txt
*.htm
*.html
*.shtml
*.css
*.xsl
*.xml
*.js
*.php
*.lst
*.log
*.ini
*.bat
*.cmd
*.h
*.hpp
*.c
*.cpp
*.java
*.asm
*.bas
*.bak
*.cue
*.rtf
*.hlp
*.inf
*.com
*.exe
*.dll
*.obj
*.lib
*.sys
*.drv
*.bin
*.bmp
*.wav
$default
*.mp3
*.mp4
*.m4a
*.mov
*.avi
*.wmv
*.wma
*.gif
*.tif
*.png
*.jpg
*.chm
*.pdf
*.cab
*.7z
*.arj
*.ha
*.lz
*.lzh
*.rar
*.zip
*.gz
*.bz2
*.xz
*.jar
*.fla
*.flac
*.ape
*.bik
*.mkv
